192.168.0.0 - - [08/Sep/2012:11:16:05 +0200] "GET /temps/4IF17.html HTTP/1.1" 200 5189 "http://intranet-if.insa-lyon.fr/temps/4IF16.html" "Mozilla/5.0 (Windows NT 6.1; WOW64; rv:14.0) Gecko/20100101 Firefox/14.0.1"
192.168.0.0 - - [08/Sep/2012:11:16:06 +0200] "GET /temps/4IF18.html HTTP/1.1" 200 5192 "http://intranet-if.insa-lyon.fr/temps/4IF17.html" "Mozilla/5.0 (Windows NT 6.1; WOW64; rv:14.0) Gecko/20100101 Firefox/14.0.1"
192.168.0.0 - - [08/Sep/2012:11:16:06 +0200] "GET /temps/4IF19.html HTTP/1.1" 200 5179 "http://intranet-if.insa-lyon.fr/temps/4IF18.html" "Mozilla/5.0 (Windows NT 6.1; WOW64; rv:14.0) Gecko/20100101 Firefox/14.0.1"
192.168.0.0 - - [08/Sep/2012:11:16:07 +0200] "GET /temps/4IF20.html HTTP/1.1" 200 5185 "http://intranet-if.insa-lyon.fr/temps/4IF19.html" "Mozilla/5.0 (Windows NT 6.1; WOW64; rv:14.0) Gecko/20100101 Firefox/14.0.1"
192.168.0.1 - - [08/Sep/2012:11:16:08 +0200] "GET /temps/3IF38.html HTTP/1.1" 200 21722 "http://intranet-if.insa-lyon.fr/temps/3IF37.html" "Mozilla/5.0 (Linux; U; Android 2.3.5; fr-fr; HTC Desire S Build/GRJ90) AppleWebKit/533.1 (KHTML, like Gecko) Version/4.0 Mobile Safari/533.1"
